branches:
refs/heads/master
refs/heads/origin
test file:
first line
commit messages:
first commit
initial checkin
