gzip
refs/heads/master
first line
Tarball conversion
bzip2
refs/heads/master
first line
Tarball conversion
lzma
refs/heads/master
first line
Tarball conversion
